---
source: crates/ruff/src/rules/flake8_return/mod.rs
expression: diagnostics
---
- kind:
    UnnecessaryAssign: ~
  location:
    row: 6
    column: 11
  end_location:
    row: 6
    column: 12
  fix: ~
  parent: ~
- kind:
    UnnecessaryAssign: ~
  location:
    row: 229
    column: 11
  end_location:
    row: 229
    column: 19
  fix: ~
  parent: ~

